// Vitest Snapshot v1, https://vitest.dev/guide/snapshot.html

exports[`FrameConnector > handles divider prop correctly 1`] = `
<div
  class="flex items-end flex-1 undefined"
>
  <div
    class="w-full h-[6px] bg-background-accent-200 undefined"
  />
</div>
`;

exports[`FrameConnector > hides nodes correctly with hidden prop 1`] = `
<div
  class="flex items-end flex-1 undefined"
>
  <div
    class="w-full h-[6px] bg-background-accent-200 undefined"
  />
</div>
`;

exports[`FrameConnector > renders correctly 1`] = `
<div
  class="flex items-end flex-1 undefined"
>
  <div
    class="flex items-center justify-center  scale-x-[-1] undefined"
  >
    <svg
      fill="none"
      viewBox="0 0 60 60"
      width="60"
      xmlns="http://www.w3.org/2000/svg"
    >
      <path
        clip-rule="evenodd"
        d="M60 3.78963C60 1.56987 58.1925 -0.257305 55.9914 0.0298035C43.1529 1.70443 32.8081 11.3131 30.0386 23.7742C30.0336 23.7966 30 23.7935 30 23.7705V23.7705V23.7705C30 23.8917 29.9864 24.0125 29.9615 24.1312C29.5844 25.9293 29.3647 27.7853 29.3174 29.6841C29.3088 30.029 29.2729 30.374 29.1934 30.7097C26.0622 43.9325 14.18 53.7705 -2.67029e-05 53.7705H0.0999985C0.0447693 53.7705 0 53.8152 0 53.8705V59.6705C0 59.7257 0.0447731 59.7705 0.0999985 59.7705H52.9C52.9013 59.7705 52.9025 59.7704 52.9037 59.7704H55C57.7614 59.7704 60 57.5318 60 54.7704V3.78963Z"
        fill="#d0cac4"
        fill-rule="evenodd"
      />
    </svg>
  </div>
  <div
    class="w-full h-[6px] bg-background-accent-200 undefined"
  />
  <div
    class="flex items-center justify-center  undefined"
  >
    <svg
      fill="none"
      viewBox="0 0 60 60"
      width="60"
      xmlns="http://www.w3.org/2000/svg"
    >
      <path
        clip-rule="evenodd"
        d="M60 3.78963C60 1.56987 58.1925 -0.257305 55.9914 0.0298035C43.1529 1.70443 32.8081 11.3131 30.0386 23.7742C30.0336 23.7966 30 23.7935 30 23.7705V23.7705V23.7705C30 23.8917 29.9864 24.0125 29.9615 24.1312C29.5844 25.9293 29.3647 27.7853 29.3174 29.6841C29.3088 30.029 29.2729 30.374 29.1934 30.7097C26.0622 43.9325 14.18 53.7705 -2.67029e-05 53.7705H0.0999985C0.0447693 53.7705 0 53.8152 0 53.8705V59.6705C0 59.7257 0.0447731 59.7705 0.0999985 59.7705H52.9C52.9013 59.7705 52.9025 59.7704 52.9037 59.7704H55C57.7614 59.7704 60 57.5318 60 54.7704V3.78963Z"
        fill="#d0cac4"
        fill-rule="evenodd"
      />
    </svg>
  </div>
</div>
`;

exports[`FrameConnector > renders correctly with all props mixed 1`] = `
<div
  class="flex items-end flex-1 custom-class"
>
  <div
    class="flex items-center justify-center  scale-x-[-1] first-node-class"
  >
    <svg
      fill="none"
      viewBox="0 0 60 60"
      width="60"
      xmlns="http://www.w3.org/2000/svg"
    >
      <path
        clip-rule="evenodd"
        d="M60 3.78963C60 1.56987 58.1925 -0.257305 55.9914 0.0298035C43.1529 1.70443 32.8081 11.3131 30.0386 23.7742C30.0336 23.7966 30 23.7935 30 23.7705V23.7705V23.7705C30 23.8917 29.9864 24.0125 29.9615 24.1312C29.5844 25.9293 29.3647 27.7853 29.3174 29.6841C29.3088 30.029 29.2729 30.374 29.1934 30.7097C26.0622 43.9325 14.18 53.7705 -2.67029e-05 53.7705H0.0999985C0.0447693 53.7705 0 53.8152 0 53.8705V59.6705C0 59.7257 0.0447731 59.7705 0.0999985 59.7705H52.9C52.9013 59.7705 52.9025 59.7704 52.9037 59.7704H55C57.7614 59.7704 60 57.5318 60 54.7704V3.78963Z"
        fill="red"
        fill-rule="evenodd"
      />
    </svg>
  </div>
  <div
    class="w-full h-[6px] bg-background-accent-200 bridge-class"
  />
  <div
    class="flex items-center justify-center  second-node-class"
  >
    <svg
      fill="none"
      viewBox="0 0 60 60"
      width="60"
      xmlns="http://www.w3.org/2000/svg"
    >
      <path
        clip-rule="evenodd"
        d="M60 3.78963C60 1.56987 58.1925 -0.257305 55.9914 0.0298035C43.1529 1.70443 32.8081 11.3131 30.0386 23.7742C30.0336 23.7966 30 23.7935 30 23.7705V23.7705V23.7705C30 23.8917 29.9864 24.0125 29.9615 24.1312C29.5844 25.9293 29.3647 27.7853 29.3174 29.6841C29.3088 30.029 29.2729 30.374 29.1934 30.7097C26.0622 43.9325 14.18 53.7705 -2.67029e-05 53.7705H0.0999985C0.0447693 53.7705 0 53.8152 0 53.8705V59.6705C0 59.7257 0.0447731 59.7705 0.0999985 59.7705H52.9C52.9013 59.7705 52.9025 59.7704 52.9037 59.7704H55C57.7614 59.7704 60 57.5318 60 54.7704V3.78963Z"
        fill="blue"
        fill-rule="evenodd"
      />
    </svg>
  </div>
</div>
`;

exports[`FrameConnector > renders correctly with bridge className prop 1`] = `
<div
  class="flex items-end flex-1 undefined"
>
  <div
    class="flex items-center justify-center  scale-x-[-1] undefined"
  >
    <svg
      fill="none"
      viewBox="0 0 60 60"
      width="60"
      xmlns="http://www.w3.org/2000/svg"
    >
      <path
        clip-rule="evenodd"
        d="M60 3.78963C60 1.56987 58.1925 -0.257305 55.9914 0.0298035C43.1529 1.70443 32.8081 11.3131 30.0386 23.7742C30.0336 23.7966 30 23.7935 30 23.7705V23.7705V23.7705C30 23.8917 29.9864 24.0125 29.9615 24.1312C29.5844 25.9293 29.3647 27.7853 29.3174 29.6841C29.3088 30.029 29.2729 30.374 29.1934 30.7097C26.0622 43.9325 14.18 53.7705 -2.67029e-05 53.7705H0.0999985C0.0447693 53.7705 0 53.8152 0 53.8705V59.6705C0 59.7257 0.0447731 59.7705 0.0999985 59.7705H52.9C52.9013 59.7705 52.9025 59.7704 52.9037 59.7704H55C57.7614 59.7704 60 57.5318 60 54.7704V3.78963Z"
        fill="#d0cac4"
        fill-rule="evenodd"
      />
    </svg>
  </div>
  <div
    class="w-full h-[6px] bg-background-accent-200 bridge-class"
  />
  <div
    class="flex items-center justify-center  undefined"
  >
    <svg
      fill="none"
      viewBox="0 0 60 60"
      width="60"
      xmlns="http://www.w3.org/2000/svg"
    >
      <path
        clip-rule="evenodd"
        d="M60 3.78963C60 1.56987 58.1925 -0.257305 55.9914 0.0298035C43.1529 1.70443 32.8081 11.3131 30.0386 23.7742C30.0336 23.7966 30 23.7935 30 23.7705V23.7705V23.7705C30 23.8917 29.9864 24.0125 29.9615 24.1312C29.5844 25.9293 29.3647 27.7853 29.3174 29.6841C29.3088 30.029 29.2729 30.374 29.1934 30.7097C26.0622 43.9325 14.18 53.7705 -2.67029e-05 53.7705H0.0999985C0.0447693 53.7705 0 53.8152 0 53.8705V59.6705C0 59.7257 0.0447731 59.7705 0.0999985 59.7705H52.9C52.9013 59.7705 52.9025 59.7704 52.9037 59.7704H55C57.7614 59.7704 60 57.5318 60 54.7704V3.78963Z"
        fill="#d0cac4"
        fill-rule="evenodd"
      />
    </svg>
  </div>
</div>
`;

exports[`FrameConnector > renders correctly with className prop 1`] = `
<div>
  <div
    class="flex items-end flex-1 custom-class"
  >
    <div
      class="flex items-center justify-center  scale-x-[-1] undefined"
    >
      <svg
        fill="none"
        viewBox="0 0 60 60"
        width="60"
        xmlns="http://www.w3.org/2000/svg"
      >
        <path
          clip-rule="evenodd"
          d="M60 3.78963C60 1.56987 58.1925 -0.257305 55.9914 0.0298035C43.1529 1.70443 32.8081 11.3131 30.0386 23.7742C30.0336 23.7966 30 23.7935 30 23.7705V23.7705V23.7705C30 23.8917 29.9864 24.0125 29.9615 24.1312C29.5844 25.9293 29.3647 27.7853 29.3174 29.6841C29.3088 30.029 29.2729 30.374 29.1934 30.7097C26.0622 43.9325 14.18 53.7705 -2.67029e-05 53.7705H0.0999985C0.0447693 53.7705 0 53.8152 0 53.8705V59.6705C0 59.7257 0.0447731 59.7705 0.0999985 59.7705H52.9C52.9013 59.7705 52.9025 59.7704 52.9037 59.7704H55C57.7614 59.7704 60 57.5318 60 54.7704V3.78963Z"
          fill="#d0cac4"
          fill-rule="evenodd"
        />
      </svg>
    </div>
    <div
      class="w-full h-[6px] bg-background-accent-200 undefined"
    />
    <div
      class="flex items-center justify-center  undefined"
    >
      <svg
        fill="none"
        viewBox="0 0 60 60"
        width="60"
        xmlns="http://www.w3.org/2000/svg"
      >
        <path
          clip-rule="evenodd"
          d="M60 3.78963C60 1.56987 58.1925 -0.257305 55.9914 0.0298035C43.1529 1.70443 32.8081 11.3131 30.0386 23.7742C30.0336 23.7966 30 23.7935 30 23.7705V23.7705V23.7705C30 23.8917 29.9864 24.0125 29.9615 24.1312C29.5844 25.9293 29.3647 27.7853 29.3174 29.6841C29.3088 30.029 29.2729 30.374 29.1934 30.7097C26.0622 43.9325 14.18 53.7705 -2.67029e-05 53.7705H0.0999985C0.0447693 53.7705 0 53.8152 0 53.8705V59.6705C0 59.7257 0.0447731 59.7705 0.0999985 59.7705H52.9C52.9013 59.7705 52.9025 59.7704 52.9037 59.7704H55C57.7614 59.7704 60 57.5318 60 54.7704V3.78963Z"
          fill="#d0cac4"
          fill-rule="evenodd"
        />
      </svg>
    </div>
  </div>
</div>
`;

exports[`FrameConnector > renders correctly with firstNode props 1`] = `
<div
  class="flex items-end flex-1 undefined"
>
  <div
    class="flex items-center justify-center  scale-x-[-1] first-node-class"
  >
    <svg
      fill="none"
      viewBox="0 0 60 60"
      width="60"
      xmlns="http://www.w3.org/2000/svg"
    >
      <path
        clip-rule="evenodd"
        d="M60 3.78963C60 1.56987 58.1925 -0.257305 55.9914 0.0298035C43.1529 1.70443 32.8081 11.3131 30.0386 23.7742C30.0336 23.7966 30 23.7935 30 23.7705V23.7705V23.7705C30 23.8917 29.9864 24.0125 29.9615 24.1312C29.5844 25.9293 29.3647 27.7853 29.3174 29.6841C29.3088 30.029 29.2729 30.374 29.1934 30.7097C26.0622 43.9325 14.18 53.7705 -2.67029e-05 53.7705H0.0999985C0.0447693 53.7705 0 53.8152 0 53.8705V59.6705C0 59.7257 0.0447731 59.7705 0.0999985 59.7705H52.9C52.9013 59.7705 52.9025 59.7704 52.9037 59.7704H55C57.7614 59.7704 60 57.5318 60 54.7704V3.78963Z"
        fill="red"
        fill-rule="evenodd"
      />
    </svg>
  </div>
  <div
    class="w-full h-[6px] bg-background-accent-200 undefined"
  />
  <div
    class="flex items-center justify-center  undefined"
  >
    <svg
      fill="none"
      viewBox="0 0 60 60"
      width="60"
      xmlns="http://www.w3.org/2000/svg"
    >
      <path
        clip-rule="evenodd"
        d="M60 3.78963C60 1.56987 58.1925 -0.257305 55.9914 0.0298035C43.1529 1.70443 32.8081 11.3131 30.0386 23.7742C30.0336 23.7966 30 23.7935 30 23.7705V23.7705V23.7705C30 23.8917 29.9864 24.0125 29.9615 24.1312C29.5844 25.9293 29.3647 27.7853 29.3174 29.6841C29.3088 30.029 29.2729 30.374 29.1934 30.7097C26.0622 43.9325 14.18 53.7705 -2.67029e-05 53.7705H0.0999985C0.0447693 53.7705 0 53.8152 0 53.8705V59.6705C0 59.7257 0.0447731 59.7705 0.0999985 59.7705H52.9C52.9013 59.7705 52.9025 59.7704 52.9037 59.7704H55C57.7614 59.7704 60 57.5318 60 54.7704V3.78963Z"
        fill="#d0cac4"
        fill-rule="evenodd"
      />
    </svg>
  </div>
</div>
`;

exports[`FrameConnector > renders correctly with secondNode props 1`] = `
<div
  class="flex items-end flex-1 undefined"
>
  <div
    class="flex items-center justify-center  scale-x-[-1] undefined"
  >
    <svg
      fill="none"
      viewBox="0 0 60 60"
      width="60"
      xmlns="http://www.w3.org/2000/svg"
    >
      <path
        clip-rule="evenodd"
        d="M60 3.78963C60 1.56987 58.1925 -0.257305 55.9914 0.0298035C43.1529 1.70443 32.8081 11.3131 30.0386 23.7742C30.0336 23.7966 30 23.7935 30 23.7705V23.7705V23.7705C30 23.8917 29.9864 24.0125 29.9615 24.1312C29.5844 25.9293 29.3647 27.7853 29.3174 29.6841C29.3088 30.029 29.2729 30.374 29.1934 30.7097C26.0622 43.9325 14.18 53.7705 -2.67029e-05 53.7705H0.0999985C0.0447693 53.7705 0 53.8152 0 53.8705V59.6705C0 59.7257 0.0447731 59.7705 0.0999985 59.7705H52.9C52.9013 59.7705 52.9025 59.7704 52.9037 59.7704H55C57.7614 59.7704 60 57.5318 60 54.7704V3.78963Z"
        fill="#d0cac4"
        fill-rule="evenodd"
      />
    </svg>
  </div>
  <div
    class="w-full h-[6px] bg-background-accent-200 undefined"
  />
  <div
    class="flex items-center justify-center  second-node-class"
  >
    <svg
      fill="none"
      viewBox="0 0 60 60"
      width="60"
      xmlns="http://www.w3.org/2000/svg"
    >
      <path
        clip-rule="evenodd"
        d="M60 3.78963C60 1.56987 58.1925 -0.257305 55.9914 0.0298035C43.1529 1.70443 32.8081 11.3131 30.0386 23.7742C30.0336 23.7966 30 23.7935 30 23.7705V23.7705V23.7705C30 23.8917 29.9864 24.0125 29.9615 24.1312C29.5844 25.9293 29.3647 27.7853 29.3174 29.6841C29.3088 30.029 29.2729 30.374 29.1934 30.7097C26.0622 43.9325 14.18 53.7705 -2.67029e-05 53.7705H0.0999985C0.0447693 53.7705 0 53.8152 0 53.8705V59.6705C0 59.7257 0.0447731 59.7705 0.0999985 59.7705H52.9C52.9013 59.7705 52.9025 59.7704 52.9037 59.7704H55C57.7614 59.7704 60 57.5318 60 54.7704V3.78963Z"
        fill="blue"
        fill-rule="evenodd"
      />
    </svg>
  </div>
</div>
`;

exports[`FrameConnector > renders correctly with vertical prop 1`] = `
<div
  class="flex flex-col w-fit undefined"
>
  <div
    class="flex items-center justify-center rotate-90 origin-center scale-x-[-1] undefined"
  >
    <svg
      fill="none"
      viewBox="0 0 60 60"
      width="60"
      xmlns="http://www.w3.org/2000/svg"
    >
      <path
        clip-rule="evenodd"
        d="M60 3.78963C60 1.56987 58.1925 -0.257305 55.9914 0.0298035C43.1529 1.70443 32.8081 11.3131 30.0386 23.7742C30.0336 23.7966 30 23.7935 30 23.7705V23.7705V23.7705C30 23.8917 29.9864 24.0125 29.9615 24.1312C29.5844 25.9293 29.3647 27.7853 29.3174 29.6841C29.3088 30.029 29.2729 30.374 29.1934 30.7097C26.0622 43.9325 14.18 53.7705 -2.67029e-05 53.7705H0.0999985C0.0447693 53.7705 0 53.8152 0 53.8705V59.6705C0 59.7257 0.0447731 59.7705 0.0999985 59.7705H52.9C52.9013 59.7705 52.9025 59.7704 52.9037 59.7704H55C57.7614 59.7704 60 57.5318 60 54.7704V3.78963Z"
        fill="#d0cac4"
        fill-rule="evenodd"
      />
    </svg>
  </div>
  <div
    class="h-full w-[6px] bg-background-accent-200 undefined"
  />
  <div
    class="flex items-center justify-center rotate-90 origin-center undefined"
  >
    <svg
      fill="none"
      viewBox="0 0 60 60"
      width="60"
      xmlns="http://www.w3.org/2000/svg"
    >
      <path
        clip-rule="evenodd"
        d="M60 3.78963C60 1.56987 58.1925 -0.257305 55.9914 0.0298035C43.1529 1.70443 32.8081 11.3131 30.0386 23.7742C30.0336 23.7966 30 23.7935 30 23.7705V23.7705V23.7705C30 23.8917 29.9864 24.0125 29.9615 24.1312C29.5844 25.9293 29.3647 27.7853 29.3174 29.6841C29.3088 30.029 29.2729 30.374 29.1934 30.7097C26.0622 43.9325 14.18 53.7705 -2.67029e-05 53.7705H0.0999985C0.0447693 53.7705 0 53.8152 0 53.8705V59.6705C0 59.7257 0.0447731 59.7705 0.0999985 59.7705H52.9C52.9013 59.7705 52.9025 59.7704 52.9037 59.7704H55C57.7614 59.7704 60 57.5318 60 54.7704V3.78963Z"
        fill="#d0cac4"
        fill-rule="evenodd"
      />
    </svg>
  </div>
</div>
`;
